---
source: src/test.rs
expression: help_text
snapshot_kind: text
---
A cargo plugin to change the version of a package in the Cargo.toml file

Usage: cargo_verset [OPTIONS] --ver <VER>

Options:
  -v, --ver <VER>
          Version to set in the workspace

  -p, --path <PATH>
          Path to the directory containing the Cargo.toml file

  -d, --dry-run
          Run the program without making any changes

  -h, --help
          Print help

  -V, --version
          Print version
